[2026-04-16 16:15:38] production.ERROR: The /home/nobrudevz/dev/projects/laravel/dominasys/web-package-filament-location/bootstrap/cache directory must be present and writable. {"exception":"[object] (Exception(code: 0): The /home/nobrudevz/dev/projects/laravel/dominasys/web-package-filament-location/bootstrap/cache directory must be present and writable. at /home/nobrudevz/dev/projects/laravel/dominasys/web-package-filament-location/vendor/laravel/framework/src/Illuminate/Foundation/PackageManifest.php:179)
[stacktrace]
#0 /home/nobrudevz/dev/projects/laravel/dominasys/web-package-filament-location/vendor/orchestra/testbench-core/src/Foundation/PackageManifest.php(158): Illuminate\\Foundation\\PackageManifest->write()
#1 /home/nobrudevz/dev/projects/laravel/dominasys/web-package-filament-location/vendor/laravel/framework/src/Illuminate/Foundation/PackageManifest.php(132): Orchestra\\Testbench\\Foundation\\PackageManifest->write()
#2 /home/nobrudevz/dev/projects/laravel/dominasys/web-package-filament-location/vendor/laravel/framework/src/Illuminate/Foundation/PackageManifest.php(108): Illuminate\\Foundation\\PackageManifest->build()
#3 /home/nobrudevz/dev/projects/laravel/dominasys/web-package-filament-location/vendor/orchestra/testbench-core/src/Foundation/PackageManifest.php(103): Illuminate\\Foundation\\PackageManifest->getManifest()
#4 /home/nobrudevz/dev/projects/laravel/dominasys/web-package-filament-location/vendor/laravel/framework/src/Illuminate/Foundation/PackageManifest.php(90): Orchestra\\Testbench\\Foundation\\PackageManifest->getManifest()
#5 /home/nobrudevz/dev/projects/laravel/dominasys/web-package-filament-location/vendor/laravel/framework/src/Illuminate/Foundation/PackageManifest.php(79): Illuminate\\Foundation\\PackageManifest->config()
#6 /home/nobrudevz/dev/projects/laravel/dominasys/web-package-filament-location/vendor/laravel/framework/src/Illuminate/Foundation/Bootstrap/RegisterFacades.php(26): Illuminate\\Foundation\\PackageManifest->aliases()
#7 /home/nobrudevz/dev/projects/laravel/dominasys/web-package-filament-location/vendor/orchestra/testbench-core/src/Concerns/CreatesApplication.php(532): Illuminate\\Foundation\\Bootstrap\\RegisterFacades->bootstrap()
#8 /home/nobrudevz/dev/projects/laravel/dominasys/web-package-filament-location/vendor/orchestra/testbench-core/src/Concerns/CreatesApplication.php(287): Orchestra\\Testbench\\Foundation\\Application->resolveApplicationBootstrappers()
#9 /home/nobrudevz/dev/projects/laravel/dominasys/web-package-filament-location/vendor/orchestra/testbench-core/src/Foundation/Application.php(196): Orchestra\\Testbench\\Foundation\\Application->createApplication()
#10 /home/nobrudevz/dev/projects/laravel/dominasys/web-package-filament-location/scripts/sync-address-data.php(53): Orchestra\\Testbench\\Foundation\\Application::create()
#11 {main}
"} 
[2026-04-16 16:15:42] production.ERROR: The /home/nobrudevz/dev/projects/laravel/dominasys/web-package-filament-location/bootstrap/cache directory must be present and writable. {"exception":"[object] (Exception(code: 0): The /home/nobrudevz/dev/projects/laravel/dominasys/web-package-filament-location/bootstrap/cache directory must be present and writable. at /home/nobrudevz/dev/projects/laravel/dominasys/web-package-filament-location/vendor/laravel/framework/src/Illuminate/Foundation/PackageManifest.php:179)
[stacktrace]
#0 /home/nobrudevz/dev/projects/laravel/dominasys/web-package-filament-location/vendor/orchestra/testbench-core/src/Foundation/PackageManifest.php(158): Illuminate\\Foundation\\PackageManifest->write()
#1 /home/nobrudevz/dev/projects/laravel/dominasys/web-package-filament-location/vendor/laravel/framework/src/Illuminate/Foundation/PackageManifest.php(132): Orchestra\\Testbench\\Foundation\\PackageManifest->write()
#2 /home/nobrudevz/dev/projects/laravel/dominasys/web-package-filament-location/vendor/laravel/framework/src/Illuminate/Foundation/PackageManifest.php(108): Illuminate\\Foundation\\PackageManifest->build()
#3 /home/nobrudevz/dev/projects/laravel/dominasys/web-package-filament-location/vendor/orchestra/testbench-core/src/Foundation/PackageManifest.php(103): Illuminate\\Foundation\\PackageManifest->getManifest()
#4 /home/nobrudevz/dev/projects/laravel/dominasys/web-package-filament-location/vendor/laravel/framework/src/Illuminate/Foundation/PackageManifest.php(90): Orchestra\\Testbench\\Foundation\\PackageManifest->getManifest()
#5 /home/nobrudevz/dev/projects/laravel/dominasys/web-package-filament-location/vendor/laravel/framework/src/Illuminate/Foundation/PackageManifest.php(79): Illuminate\\Foundation\\PackageManifest->config()
#6 /home/nobrudevz/dev/projects/laravel/dominasys/web-package-filament-location/vendor/laravel/framework/src/Illuminate/Foundation/Bootstrap/RegisterFacades.php(26): Illuminate\\Foundation\\PackageManifest->aliases()
#7 /home/nobrudevz/dev/projects/laravel/dominasys/web-package-filament-location/vendor/orchestra/testbench-core/src/Concerns/CreatesApplication.php(532): Illuminate\\Foundation\\Bootstrap\\RegisterFacades->bootstrap()
#8 /home/nobrudevz/dev/projects/laravel/dominasys/web-package-filament-location/vendor/orchestra/testbench-core/src/Concerns/CreatesApplication.php(287): Orchestra\\Testbench\\Foundation\\Application->resolveApplicationBootstrappers()
#9 /home/nobrudevz/dev/projects/laravel/dominasys/web-package-filament-location/vendor/orchestra/testbench-core/src/Foundation/Application.php(196): Orchestra\\Testbench\\Foundation\\Application->createApplication()
#10 /home/nobrudevz/dev/projects/laravel/dominasys/web-package-filament-location/scripts/sync-address-data.php(53): Orchestra\\Testbench\\Foundation\\Application::create()
#11 {main}
"} 
[2026-04-16 16:17:45] production.ERROR: The /home/nobrudevz/dev/projects/laravel/dominasys/web-package-filament-location/bootstrap/cache directory must be present and writable. {"exception":"[object] (Exception(code: 0): The /home/nobrudevz/dev/projects/laravel/dominasys/web-package-filament-location/bootstrap/cache directory must be present and writable. at /home/nobrudevz/dev/projects/laravel/dominasys/web-package-filament-location/vendor/laravel/framework/src/Illuminate/Foundation/PackageManifest.php:179)
[stacktrace]
#0 /home/nobrudevz/dev/projects/laravel/dominasys/web-package-filament-location/vendor/orchestra/testbench-core/src/Foundation/PackageManifest.php(158): Illuminate\\Foundation\\PackageManifest->write()
#1 /home/nobrudevz/dev/projects/laravel/dominasys/web-package-filament-location/vendor/laravel/framework/src/Illuminate/Foundation/PackageManifest.php(132): Orchestra\\Testbench\\Foundation\\PackageManifest->write()
#2 /home/nobrudevz/dev/projects/laravel/dominasys/web-package-filament-location/vendor/laravel/framework/src/Illuminate/Foundation/PackageManifest.php(108): Illuminate\\Foundation\\PackageManifest->build()
#3 /home/nobrudevz/dev/projects/laravel/dominasys/web-package-filament-location/vendor/orchestra/testbench-core/src/Foundation/PackageManifest.php(103): Illuminate\\Foundation\\PackageManifest->getManifest()
#4 /home/nobrudevz/dev/projects/laravel/dominasys/web-package-filament-location/vendor/laravel/framework/src/Illuminate/Foundation/PackageManifest.php(90): Orchestra\\Testbench\\Foundation\\PackageManifest->getManifest()
#5 /home/nobrudevz/dev/projects/laravel/dominasys/web-package-filament-location/vendor/laravel/framework/src/Illuminate/Foundation/PackageManifest.php(79): Illuminate\\Foundation\\PackageManifest->config()
#6 /home/nobrudevz/dev/projects/laravel/dominasys/web-package-filament-location/vendor/laravel/framework/src/Illuminate/Foundation/Bootstrap/RegisterFacades.php(26): Illuminate\\Foundation\\PackageManifest->aliases()
#7 /home/nobrudevz/dev/projects/laravel/dominasys/web-package-filament-location/vendor/orchestra/testbench-core/src/Concerns/CreatesApplication.php(532): Illuminate\\Foundation\\Bootstrap\\RegisterFacades->bootstrap()
#8 /home/nobrudevz/dev/projects/laravel/dominasys/web-package-filament-location/vendor/orchestra/testbench-core/src/Concerns/CreatesApplication.php(287): Orchestra\\Testbench\\Foundation\\Application->resolveApplicationBootstrappers()
#9 /home/nobrudevz/dev/projects/laravel/dominasys/web-package-filament-location/vendor/orchestra/testbench-core/src/Foundation/Application.php(196): Orchestra\\Testbench\\Foundation\\Application->createApplication()
#10 /home/nobrudevz/dev/projects/laravel/dominasys/web-package-filament-location/scripts/sync-address-data.php(53): Orchestra\\Testbench\\Foundation\\Application::create()
#11 {main}
"} 
[2026-04-16 16:17:52] production.ERROR: The /home/nobrudevz/dev/projects/laravel/dominasys/web-package-filament-location/bootstrap/cache directory must be present and writable. {"exception":"[object] (Exception(code: 0): The /home/nobrudevz/dev/projects/laravel/dominasys/web-package-filament-location/bootstrap/cache directory must be present and writable. at /home/nobrudevz/dev/projects/laravel/dominasys/web-package-filament-location/vendor/laravel/framework/src/Illuminate/Foundation/PackageManifest.php:179)
[stacktrace]
#0 /home/nobrudevz/dev/projects/laravel/dominasys/web-package-filament-location/vendor/orchestra/testbench-core/src/Foundation/PackageManifest.php(158): Illuminate\\Foundation\\PackageManifest->write()
#1 /home/nobrudevz/dev/projects/laravel/dominasys/web-package-filament-location/vendor/laravel/framework/src/Illuminate/Foundation/PackageManifest.php(132): Orchestra\\Testbench\\Foundation\\PackageManifest->write()
#2 /home/nobrudevz/dev/projects/laravel/dominasys/web-package-filament-location/vendor/laravel/framework/src/Illuminate/Foundation/PackageManifest.php(108): Illuminate\\Foundation\\PackageManifest->build()
#3 /home/nobrudevz/dev/projects/laravel/dominasys/web-package-filament-location/vendor/orchestra/testbench-core/src/Foundation/PackageManifest.php(103): Illuminate\\Foundation\\PackageManifest->getManifest()
#4 /home/nobrudevz/dev/projects/laravel/dominasys/web-package-filament-location/vendor/laravel/framework/src/Illuminate/Foundation/PackageManifest.php(90): Orchestra\\Testbench\\Foundation\\PackageManifest->getManifest()
#5 /home/nobrudevz/dev/projects/laravel/dominasys/web-package-filament-location/vendor/laravel/framework/src/Illuminate/Foundation/PackageManifest.php(79): Illuminate\\Foundation\\PackageManifest->config()
#6 /home/nobrudevz/dev/projects/laravel/dominasys/web-package-filament-location/vendor/laravel/framework/src/Illuminate/Foundation/Bootstrap/RegisterFacades.php(26): Illuminate\\Foundation\\PackageManifest->aliases()
#7 /home/nobrudevz/dev/projects/laravel/dominasys/web-package-filament-location/vendor/orchestra/testbench-core/src/Concerns/CreatesApplication.php(532): Illuminate\\Foundation\\Bootstrap\\RegisterFacades->bootstrap()
#8 /home/nobrudevz/dev/projects/laravel/dominasys/web-package-filament-location/vendor/orchestra/testbench-core/src/Concerns/CreatesApplication.php(287): Orchestra\\Testbench\\Foundation\\Application->resolveApplicationBootstrappers()
#9 /home/nobrudevz/dev/projects/laravel/dominasys/web-package-filament-location/vendor/orchestra/testbench-core/src/Foundation/Application.php(196): Orchestra\\Testbench\\Foundation\\Application->createApplication()
#10 /home/nobrudevz/dev/projects/laravel/dominasys/web-package-filament-location/scripts/sync-address-data.php(53): Orchestra\\Testbench\\Foundation\\Application::create()
#11 {main}
"} 
[2026-04-16 16:18:27] production.ERROR: The /home/nobrudevz/dev/projects/laravel/dominasys/web-package-filament-location/bootstrap/cache directory must be present and writable. {"exception":"[object] (Exception(code: 0): The /home/nobrudevz/dev/projects/laravel/dominasys/web-package-filament-location/bootstrap/cache directory must be present and writable. at /home/nobrudevz/dev/projects/laravel/dominasys/web-package-filament-location/vendor/laravel/framework/src/Illuminate/Foundation/PackageManifest.php:179)
[stacktrace]
#0 /home/nobrudevz/dev/projects/laravel/dominasys/web-package-filament-location/vendor/orchestra/testbench-core/src/Foundation/PackageManifest.php(158): Illuminate\\Foundation\\PackageManifest->write()
#1 /home/nobrudevz/dev/projects/laravel/dominasys/web-package-filament-location/vendor/laravel/framework/src/Illuminate/Foundation/PackageManifest.php(132): Orchestra\\Testbench\\Foundation\\PackageManifest->write()
#2 /home/nobrudevz/dev/projects/laravel/dominasys/web-package-filament-location/vendor/laravel/framework/src/Illuminate/Foundation/PackageManifest.php(108): Illuminate\\Foundation\\PackageManifest->build()
#3 /home/nobrudevz/dev/projects/laravel/dominasys/web-package-filament-location/vendor/orchestra/testbench-core/src/Foundation/PackageManifest.php(103): Illuminate\\Foundation\\PackageManifest->getManifest()
#4 /home/nobrudevz/dev/projects/laravel/dominasys/web-package-filament-location/vendor/laravel/framework/src/Illuminate/Foundation/PackageManifest.php(90): Orchestra\\Testbench\\Foundation\\PackageManifest->getManifest()
#5 /home/nobrudevz/dev/projects/laravel/dominasys/web-package-filament-location/vendor/laravel/framework/src/Illuminate/Foundation/PackageManifest.php(79): Illuminate\\Foundation\\PackageManifest->config()
#6 /home/nobrudevz/dev/projects/laravel/dominasys/web-package-filament-location/vendor/laravel/framework/src/Illuminate/Foundation/Bootstrap/RegisterFacades.php(26): Illuminate\\Foundation\\PackageManifest->aliases()
#7 /home/nobrudevz/dev/projects/laravel/dominasys/web-package-filament-location/vendor/orchestra/testbench-core/src/Concerns/CreatesApplication.php(532): Illuminate\\Foundation\\Bootstrap\\RegisterFacades->bootstrap()
#8 /home/nobrudevz/dev/projects/laravel/dominasys/web-package-filament-location/vendor/orchestra/testbench-core/src/Concerns/CreatesApplication.php(287): Orchestra\\Testbench\\Foundation\\Application->resolveApplicationBootstrappers()
#9 /home/nobrudevz/dev/projects/laravel/dominasys/web-package-filament-location/vendor/orchestra/testbench-core/src/Foundation/Application.php(196): Orchestra\\Testbench\\Foundation\\Application->createApplication()
#10 /home/nobrudevz/dev/projects/laravel/dominasys/web-package-filament-location/scripts/sync-address-data.php(53): Orchestra\\Testbench\\Foundation\\Application::create()
#11 {main}
"} 
